anomaly: Sys_error("test-java-8/src/main/java/byteback/test/instance/FieldAccess.java.tmp.mlcfg: No such file or directory")
